// Jest Snapshot v1, https://goo.gl/fbAQLP

exports[`NotificationsProvider Component renders correctly 1`] = `""`;
